#Graph data
#[prinseq-lite-0.20.4] [03/14/2024 22:16:17] Command: "perl prinseq-lite.pl -fastq plugins/PRINSEQ/example///example1.fastq -graph_data plugins/PRINSEQ/example//example1.gd -verbose -out_good null -out_bad null"
{"numseqs":12,"numbases":1150,"pairedend":0,"maxlength":200,"binval":2,"exactonly":0,"tagmidnum":0,"scale":1,"filename1":"6578616d706c65312e6661737471","format1":"fastq","counts":{"gc":{"50":5,"53":1,"57":2,"0":1,"56":2,"49":1},"length":{"100":8,"50":3,"200":1},"ns":{"10":2},"tail3":{"50":1},"tail5":{"50":1}},"stats":{"gc":{"mean":"48.17","std":"14.83","modeval":5,"p75":56,"median":50,"min":0,"range":58,"max":57,"mode":50,"p25":50},"length":{"std":"37.96","modeval":8,"mean":"95.83","min":50,"median":100,"p75":100,"mode":100,"max":200,"range":151,"p25":75},"ns":{"p25":10,"max":10,"mode":10,"range":1,"min":10,"median":10,"p75":10,"std":"0.00","modeval":2,"mean":"10.00"},"tail3":{"median":50,"min":50,"p75":50,"std":"0.00","modeval":1,"mean":"50.00","p25":50,"mode":50,"max":50,"range":1},"tail5":{"max":50,"mode":50,"range":1,"p25":50,"modeval":1,"std":"0.00","mean":"50.00","median":50,"min":50,"p75":50}},"quals":{"0":{"p25":13,"range":38,"max":37,"mode":16,"p75":33,"median":16,"min":0,"mean":"19.58","std":"12.68","modeval":4},"1":{"range":40,"max":39,"mode":17,"p25":13,"mean":"20.25","std":"13.06","modeval":4,"p75":33,"median":17,"min":0},"10":{"range":31,"max":37,"mode":18,"p25":18,"mean":"23.17","std":"9.55","modeval":4,"p75":35,"min":7,"median":19},"11":{"p25":19,"range":31,"max":37,"mode":19,"p75":32,"median":19,"min":7,"mean":"23.00","std":"8.81","modeval":4},"12":{"modeval":4,"std":"9.16","mean":"22.33","median":18,"min":7,"p75":32,"max":37,"mode":17,"range":31,"p25":17},"13":{"range":31,"max":37,"mode":16,"p25":16,"mean":"21.83","std":"9.19","modeval":4,"p75":31,"median":18,"min":7},"14":{"p25":18,"range":31,"max":37,"mode":18,"p75":28,"median":19,"min":7,"mean":"21.83","modeval":4,"std":"8.14"},"15":{"p75":28,"min":7,"median":19,"mean":"22.33","modeval":4,"std":"7.82","p25":19,"range":31,"max":37,"mode":19},"16":{"median":18,"min":9,"p75":28,"std":"8.09","modeval":4,"mean":"21.50","p25":16,"max":37,"mode":16,"range":29},"17":{"p25":17,"range":29,"max":37,"mode":17,"p75":28,"median":18,"min":9,"mean":"21.83","std":"7.87","modeval":4},"18":{"range":28,"mode":18,"max":36,"p25":18,"mean":"22.75","std":"8.17","modeval":4,"p75":32,"median":19,"min":9},"19":{"p75":32,"min":9,"median":19,"mean":"23.08","std":"7.98","modeval":4,"p25":19,"range":28,"max":36,"mode":19},"2":{"p25":14,"range":40,"max":39,"mode":18,"p75":33,"min":0,"median":18,"mean":"21.08","std":"12.28","modeval":4},"20":{"range":28,"max":36,"mode":16,"p25":16,"mean":"22.25","std":"8.80","modeval":4,"p75":33,"min":9,"median":18},"21":{"p25":17,"mode":17,"max":36,"range":28,"median":18,"min":9,"p75":28,"std":"7.71","modeval":4,"mean":"21.75"},"22":{"p25":18,"mode":18,"max":36,"range":27,"median":19,"min":10,"p75":28,"std":"7.38","modeval":4,"mean":"22.17"},"23":{"std":"7.21","modeval":4,"mean":"22.50","median":19,"min":10,"p75":28,"mode":19,"max":36,"range":27,"p25":19},"24":{"mean":"22.75","std":"9.24","modeval":4,"p75":32,"min":8,"median":18,"range":29,"max":36,"mode":16,"p25":16},"25":{"p75":32,"median":19,"min":8,"mean":"23.33","std":"8.82","modeval":4,"p25":17,"range":29,"mode":17,"max":36},"26":{"mean":"23.67","std":"8.59","modeval":5,"p75":32,"min":8,"median":19,"range":29,"mode":18,"max":36,"p25":18},"27":{"p75":32,"min":8,"median":19,"mean":"24.00","std":"8.38","modeval":4,"p25":19,"range":29,"mode":19,"max":36},"28":{"p75":32,"min":4,"median":18,"mean":"21.33","std":"9.10","modeval":4,"p25":16,"range":33,"max":36,"mode":16},"29":{"p75":32,"median":18,"min":4,"mean":"21.67","std":"8.92","modeval":4,"p25":17,"range":33,"mode":17,"max":36},"3":{"range":38,"max":37,"mode":19,"p25":14,"mean":"21.08","std":"11.74","modeval":4,"p75":33,"min":0,"median":19},"30":{"p25":18,"mode":18,"max":36,"range":33,"median":18,"min":4,"p75":32,"modeval":6,"std":"8.76","mean":"22.00"},"31":{"modeval":4,"std":"9.23","mean":"22.83","median":19,"min":4,"p75":33,"mode":19,"max":36,"range":33,"p25":18},"32":{"p75":33,"median":18,"min":4,"mean":"21.83","std":"9.74","modeval":4,"p25":16,"range":33,"mode":16,"max":36},"33":{"mean":"22.33","std":"9.49","modeval":4,"p75":33,"min":4,"median":19,"range":33,"max":36,"mode":17,"p25":17},"34":{"max":36,"mode":18,"range":27,"p25":18,"modeval":4,"std":"8.28","mean":"23.75","min":10,"median":20,"p75":33},"35":{"p25":19,"range":27,"max":36,"mode":19,"p75":33,"median":20,"min":10,"mean":"24.08","std":"8.06","modeval":4},"36":{"std":"9.11","modeval":4,"mean":"23.67","median":20,"min":10,"p75":33,"mode":16,"max":36,"range":27,"p25":16},"37":{"p25":17,"range":26,"max":35,"mode":17,"p75":32,"min":10,"median":20,"mean":"23.67","std":"8.45","modeval":4},"38":{"range":28,"mode":18,"max":35,"p25":18,"mean":"23.92","std":"8.58","modeval":4,"p75":32,"min":8,"median":20},"39":{"p25":19,"max":33,"mode":19,"range":26,"median":20,"min":8,"p75":32,"modeval":4,"std":"7.77","mean":"23.75"},"4":{"p25":13,"range":38,"max":37,"mode":16,"p75":33,"min":0,"median":16,"mean":"20.08","modeval":4,"std":"12.00"},"40":{"min":7,"median":20,"p75":32,"std":"8.62","modeval":4,"mean":"22.67","p25":16,"max":33,"mode":16,"range":27},"41":{"range":27,"max":33,"mode":17,"p25":17,"mean":"23.50","std":"8.36","modeval":4,"p75":32,"min":7,"median":23},"42":{"mean":"23.67","std":"8.63","modeval":5,"p75":32,"median":24,"min":4,"range":29,"mode":32,"max":32,"p25":18},"43":{"mode":19,"max":35,"range":32,"p25":19,"std":"8.96","modeval":4,"mean":"24.50","min":4,"median":24,"p75":32},"44":{"p25":16,"max":35,"mode":16,"range":32,"median":22,"min":4,"p75":32,"std":"9.58","modeval":4,"mean":"23.25"},"45":{"p25":17,"mode":17,"max":35,"range":32,"median":22,"min":4,"p75":32,"modeval":4,"std":"9.33","mean":"23.58"},"46":{"std":"9.11","modeval":4,"mean":"23.92","median":22,"min":4,"p75":32,"mode":18,"max":35,"range":32,"p25":18},"47":{"std":"8.90","modeval":4,"mean":"24.25","min":4,"median":22,"p75":32,"mode":19,"max":35,"range":32,"p25":19},"48":{"median":22,"min":4,"p75":30,"modeval":4,"std":"8.39","mean":"22.08","p25":16,"max":32,"mode":16,"range":29},"49":{"std":"8.00","modeval":4,"mean":"22.08","min":4,"median":22,"p75":30,"max":32,"mode":17,"range":29,"p25":17},"5":{"std":"11.89","modeval":4,"mean":"20.42","median":17,"min":0,"p75":33,"max":37,"mode":17,"range":38,"p25":13},"50":{"p25":18,"range":25,"max":32,"mode":18,"p75":31,"median":22,"min":8,"mean":"23.33","std":"7.50","modeval":4},"51":{"p25":19,"range":25,"mode":19,"max":32,"p75":31,"min":8,"median":22,"mean":"23.67","std":"7.27","modeval":4},"52":{"median":22,"min":13,"p75":31,"std":"8.10","modeval":4,"mean":"23.58","p25":16,"mode":16,"max":38,"range":26},"53":{"mode":18,"max":38,"range":26,"p25":18,"std":"8.75","modeval":4,"mean":"25.42","min":13,"median":22,"p75":34},"54":{"p25":17,"mode":17,"max":37,"range":22,"min":16,"median":22,"p75":34,"std":"8.62","modeval":4,"mean":"25.25"},"55":{"std":"8.40","modeval":4,"mean":"26.08","median":21,"min":16,"p75":36,"max":37,"mode":19,"range":22,"p25":19},"56":{"median":20,"min":9,"p75":36,"modeval":4,"std":"10.08","mean":"24.42","p25":16,"mode":16,"max":37,"range":29},"57":{"max":37,"mode":17,"range":29,"p25":17,"std":"9.81","modeval":4,"mean":"24.75","min":9,"median":20,"p75":36},"58":{"p25":18,"range":29,"mode":18,"max":37,"p75":31,"min":9,"median":20,"mean":"23.92","std":"8.38","modeval":4},"59":{"range":29,"mode":19,"max":37,"p25":19,"mean":"24.25","std":"8.16","modeval":4,"p75":31,"min":9,"median":20},"6":{"median":18,"min":0,"p75":35,"std":"11.83","modeval":4,"mean":"21.33","p25":14,"max":37,"mode":18,"range":38},"60":{"mode":16,"max":37,"range":29,"p25":16,"modeval":4,"std":"10.08","mean":"24.42","median":20,"min":9,"p75":36},"61":{"max":37,"mode":17,"range":29,"p25":17,"modeval":4,"std":"9.81","mean":"24.75","min":9,"median":20,"p75":36},"62":{"mode":18,"max":37,"range":26,"p25":18,"std":"8.94","modeval":4,"mean":"24.67","median":20,"min":12,"p75":36},"63":{"p25":19,"range":26,"max":37,"mode":19,"p75":36,"min":12,"median":20,"mean":"24.92","std":"8.74","modeval":4},"64":{"p75":36,"median":19,"min":10,"mean":"23.83","modeval":4,"std":"10.00","p25":16,"range":30,"max":39,"mode":16},"65":{"p75":36,"median":19,"min":10,"mean":"24.17","std":"9.75","modeval":4,"p25":17,"range":30,"mode":17,"max":39},"66":{"median":19,"min":9,"p75":35,"modeval":4,"std":"9.22","mean":"24.08","p25":18,"max":39,"mode":18,"range":31},"67":{"range":31,"max":39,"mode":19,"p25":19,"mean":"23.92","modeval":5,"std":"8.48","p75":32,"median":19,"min":9},"68":{"mean":"22.50","std":"9.40","modeval":4,"p75":31,"min":6,"median":19,"range":34,"max":39,"mode":16,"p25":16},"69":{"std":"9.34","modeval":4,"mean":"23.00","median":19,"min":6,"p75":32,"mode":17,"max":39,"range":34,"p25":17},"7":{"p25":14,"range":38,"mode":19,"max":37,"p75":35,"min":0,"median":19,"mean":"21.67","std":"11.74","modeval":4},"70":{"p25":18,"max":39,"mode":18,"range":34,"min":6,"median":19,"p75":36,"std":"10.07","modeval":4,"mean":"24.17"},"71":{"p25":19,"mode":19,"max":39,"range":34,"median":19,"min":6,"p75":36,"modeval":5,"std":"9.87","mean":"24.50"},"72":{"p25":16,"max":37,"mode":16,"range":30,"median":18,"min":8,"p75":36,"modeval":4,"std":"10.09","mean":"23.33"},"73":{"mode":17,"max":37,"range":30,"p25":17,"std":"9.86","modeval":5,"mean":"23.67","min":8,"median":18,"p75":36},"74":{"range":30,"mode":18,"max":37,"p25":18,"mean":"24.00","std":"9.64","modeval":4,"p75":36,"min":8,"median":19},"75":{"mode":19,"max":37,"range":30,"p25":19,"std":"9.45","modeval":4,"mean":"24.33","min":8,"median":19,"p75":36},"76":{"median":18,"min":9,"p75":36,"std":"9.97","modeval":4,"mean":"23.42","p25":16,"mode":16,"max":37,"range":29},"77":{"mode":17,"max":37,"range":29,"p25":17,"std":"9.73","modeval":5,"mean":"23.75","min":9,"median":18,"p75":36},"78":{"min":9,"median":19,"p75":36,"std":"9.51","modeval":4,"mean":"24.08","p25":18,"mode":18,"max":37,"range":29},"79":{"p25":19,"range":29,"max":37,"mode":19,"p75":36,"median":19,"min":9,"mean":"24.42","std":"9.30","modeval":4},"8":{"p25":14,"max":37,"mode":16,"range":38,"median":16,"min":0,"p75":35,"std":"12.04","modeval":4,"mean":"20.75"},"80":{"p75":36,"min":16,"median":20,"mean":"24.33","std":"9.07","modeval":4,"p25":16,"range":22,"max":37,"mode":16},"81":{"median":20,"min":17,"p75":36,"std":"8.77","modeval":5,"mean":"24.67","p25":17,"mode":17,"max":37,"range":21},"82":{"range":22,"max":37,"mode":18,"p25":18,"mean":"24.92","std":"8.57","modeval":4,"p75":36,"median":20,"min":16},"83":{"p25":19,"mode":19,"max":37,"range":22,"min":16,"median":20,"p75":36,"std":"8.43","modeval":4,"mean":"24.92"},"84":{"p25":16,"mode":16,"max":37,"range":22,"min":16,"median":20,"p75":37,"std":"9.62","modeval":5,"mean":"25.17"},"85":{"p75":37,"median":20,"min":16,"mean":"25.50","modeval":4,"std":"9.31","p25":17,"range":22,"mode":17,"max":37},"86":{"p75":34,"min":8,"median":20,"mean":"24.67","std":"9.42","modeval":4,"p25":18,"range":30,"max":37,"mode":18},"87":{"mode":19,"max":37,"range":30,"p25":19,"std":"9.19","modeval":4,"mean":"25.00","median":20,"min":8,"p75":34},"88":{"p75":32,"median":20,"min":8,"mean":"23.33","std":"9.31","modeval":4,"p25":16,"range":30,"mode":16,"max":37},"89":{"median":20,"min":8,"p75":33,"modeval":4,"std":"9.22","mean":"23.83","p25":17,"mode":17,"max":37,"range":30},"9":{"max":37,"mode":17,"range":38,"p25":15,"std":"11.48","modeval":4,"mean":"20.75","min":0,"median":17,"p75":34},"90":{"range":38,"mode":18,"max":37,"p25":18,"mean":"21.67","std":"10.35","modeval":4,"p75":31,"median":19,"min":0},"91":{"median":19,"min":0,"p75":30,"std":"9.94","modeval":4,"mean":"21.67","p25":19,"max":37,"mode":19,"range":38},"92":{"min":0,"median":18,"p75":29,"std":"10.23","modeval":4,"mean":"20.58","p25":16,"mode":16,"max":37,"range":38},"93":{"range":38,"max":37,"mode":17,"p25":17,"mean":"20.92","std":"8.91","modeval":4,"p75":26,"min":0,"median":19},"94":{"p75":29,"median":22,"min":0,"mean":"22.83","modeval":4,"std":"9.62","p25":18,"range":38,"mode":18,"max":37},"95":{"median":21,"min":0,"p75":29,"std":"9.43","modeval":4,"mean":"22.67","p25":19,"mode":19,"max":37,"range":38},"96":{"max":37,"mode":16,"range":38,"p25":16,"std":"9.91","modeval":4,"mean":"21.67","min":0,"median":21,"p75":29},"97":{"p25":17,"max":37,"mode":17,"range":38,"median":18,"min":0,"p75":29,"modeval":4,"std":"9.84","mean":"21.33"},"98":{"p25":15,"range":38,"max":37,"mode":18,"p75":29,"median":18,"min":0,"mean":"20.83","std":"10.19","modeval":4},"99":{"p25":16,"range":38,"max":37,"mode":19,"p75":29,"min":0,"median":19,"mean":"21.17","modeval":4,"std":"10.11"}},"qualsbin":{"0":{"p75":33,"min":0,"median":18,"mean":"20.47","modeval":5,"std":"12.46","p25":13,"range":40,"max":39,"mode":37},"1":{"range":38,"mode":37,"max":37,"p25":13,"mean":"21.08","std":"12.00","modeval":6,"p75":35,"min":0,"median":19},"10":{"std":"8.00","modeval":5,"mean":"20.79","min":4,"median":19,"p75":28,"mode":28,"max":36,"range":33,"p25":17},"11":{"std":"8.70","modeval":4,"mean":"21.42","median":19,"min":4,"p75":28,"max":36,"mode":16,"range":33,"p25":16},"12":{"max":38,"mode":17,"range":31,"p25":17,"modeval":4,"std":"9.10","mean":"23.54","min":8,"median":19,"p75":33},"13":{"mode":16,"max":37,"range":29,"p25":16,"std":"9.04","modeval":5,"mean":"23.79","median":19,"min":9,"p75":32},"14":{"median":19,"min":9,"p75":32,"std":"9.19","modeval":6,"mean":"23.50","p25":17,"max":37,"mode":32,"range":29},"15":{"mode":16,"max":39,"range":30,"p25":16,"std":"9.53","modeval":4,"mean":"24.33","median":19,"min":10,"p75":35},"16":{"p25":17,"range":34,"max":39,"mode":17,"p75":35,"min":6,"median":19,"mean":"24.12","modeval":4,"std":"10.07"},"17":{"mean":"24.00","modeval":4,"std":"10.05","p75":35,"min":6,"median":19,"range":34,"max":39,"mode":16,"p25":16},"18":{"mean":"23.71","std":"9.33","modeval":4,"p75":33,"median":19,"min":8,"range":30,"mode":17,"max":37,"p25":17},"19":{"p25":16,"max":37,"mode":32,"range":29,"min":9,"median":20,"p75":32,"modeval":8,"std":"8.26","mean":"23.71"},"2":{"range":38,"mode":37,"max":37,"p25":13,"mean":"21.08","std":"12.15","modeval":6,"p75":36,"median":18,"min":0},"20":{"mode":32,"max":37,"range":23,"p25":17,"modeval":8,"std":"7.87","mean":"24.75","min":15,"median":20,"p75":32},"21":{"p25":17,"mode":16,"max":37,"range":23,"min":15,"median":25,"p75":34,"std":"8.41","modeval":4,"mean":"25.67"},"22":{"range":21,"mode":17,"max":35,"p25":17,"mean":"24.88","std":"7.61","modeval":4,"p75":32,"median":24,"min":15},"23":{"mean":"25.00","std":"7.86","modeval":4,"p75":32,"median":24,"min":15,"range":23,"mode":16,"max":37,"p25":17},"24":{"std":"7.13","modeval":5,"mean":"24.14","median":20,"min":15,"p75":30,"mode":18,"max":37,"range":23,"p25":18},"25":{"min":16,"median":19,"p75":30,"std":"6.77","modeval":4,"mean":"23.56","p25":18,"max":32,"mode":16,"range":17},"26":{"std":"8.57","modeval":6,"mean":"25.11","median":18,"min":17,"p75":32,"max":37,"mode":18,"range":21,"p25":18},"27":{"max":37,"mode":16,"range":22,"p25":18,"std":"9.06","modeval":4,"mean":"25.56","median":19,"min":16,"p75":36},"28":{"p25":18,"max":37,"mode":18,"range":21,"min":17,"median":18,"p75":32,"std":"8.26","modeval":6,"mean":"24.78"},"29":{"max":37,"mode":16,"range":22,"p25":18,"std":"8.31","modeval":4,"mean":"24.78","min":16,"median":19,"p75":32},"3":{"p25":13,"range":38,"max":37,"mode":37,"p75":35,"min":0,"median":19,"mean":"21.00","std":"11.91","modeval":6},"30":{"mean":"25.11","std":"8.87","modeval":6,"p75":36,"median":18,"min":17,"range":21,"max":37,"mode":18,"p25":18},"31":{"mean":"24.67","std":"8.77","modeval":4,"p75":36,"min":16,"median":19,"range":22,"mode":16,"max":37,"p25":18},"32":{"range":21,"max":37,"mode":18,"p25":18,"mean":"24.56","modeval":5,"std":"8.35","p75":35,"min":17,"median":19},"33":{"range":21,"max":36,"mode":16,"p25":19,"mean":"23.67","std":"7.07","modeval":4,"p75":31,"median":20,"min":16},"34":{"max":37,"mode":17,"range":21,"p25":18,"std":"7.90","modeval":4,"mean":"24.33","min":17,"median":20,"p75":32},"35":{"p25":19,"range":22,"mode":16,"max":37,"p75":36,"min":16,"median":20,"mean":"24.89","std":"8.62","modeval":4},"36":{"range":21,"max":37,"mode":17,"p25":18,"mean":"24.89","std":"8.57","modeval":4,"p75":36,"min":17,"median":20},"37":{"std":"8.62","modeval":4,"mean":"24.89","median":20,"min":16,"p75":36,"mode":16,"max":37,"range":22,"p25":19},"38":{"range":21,"max":37,"mode":17,"p25":18,"mean":"24.89","std":"8.57","modeval":4,"p75":36,"min":17,"median":20},"39":{"p75":36,"min":16,"median":20,"mean":"24.89","std":"8.62","modeval":4,"p25":19,"range":22,"mode":16,"max":37},"4":{"min":0,"median":18,"p75":34,"std":"10.51","modeval":4,"mean":"21.75","p25":17,"mode":17,"max":37,"range":38},"40":{"p25":18,"range":21,"max":37,"mode":17,"p75":36,"min":17,"median":20,"mean":"24.89","std":"8.57","modeval":4},"41":{"mean":"25.83","std":"8.96","modeval":5,"p75":37,"median":20,"min":16,"range":22,"mode":37,"max":37,"p25":19},"42":{"std":"8.60","modeval":4,"mean":"25.56","median":20,"min":17,"p75":34,"mode":17,"max":37,"range":21,"p25":18},"43":{"mode":16,"max":37,"range":22,"p25":19,"std":"8.04","modeval":4,"mean":"25.00","min":16,"median":20,"p75":32},"44":{"median":19,"min":0,"p75":32,"modeval":4,"std":"9.68","mean":"23.78","p25":17,"max":37,"mode":17,"range":38},"45":{"max":37,"mode":16,"range":38,"p25":16,"std":"10.60","modeval":4,"mean":"22.00","min":0,"median":19,"p75":30},"46":{"mean":"20.89","modeval":4,"std":"9.96","p75":25,"median":18,"min":0,"range":38,"mode":17,"max":37,"p25":17},"47":{"p75":22,"median":19,"min":0,"mean":"20.33","std":"9.85","modeval":4,"p25":16,"range":38,"mode":16,"max":37},"48":{"range":38,"max":37,"mode":18,"p25":17,"mean":"18.00","std":"9.12","modeval":6,"p75":18,"min":0,"median":18},"49":{"range":38,"mode":19,"max":37,"p25":13,"mean":"18.70","std":"8.98","modeval":4,"p75":24,"min":0,"median":19},"5":{"p75":32,"min":8,"median":19,"mean":"22.38","modeval":5,"std":"8.77","p25":17,"range":30,"mode":32,"max":37},"50":{"p25":24,"mode":24,"max":24,"range":1,"min":24,"median":24,"p75":24,"std":"0.00","modeval":2,"mean":"24.00"},"51":{"p25":24,"range":1,"max":24,"mode":24,"p75":24,"min":24,"median":24,"mean":"24.00","std":"0.00","modeval":2},"52":{"std":"0.00","modeval":2,"mean":"24.00","min":24,"median":24,"p75":24,"max":24,"mode":24,"range":1,"p25":24},"53":{"median":24,"min":24,"p75":24,"modeval":2,"std":"0.00","mean":"24.00","p25":24,"mode":24,"max":24,"range":1},"54":{"modeval":2,"std":"0.00","mean":"24.00","median":24,"min":24,"p75":24,"max":24,"mode":24,"range":1,"p25":24},"55":{"std":"0.00","modeval":2,"mean":"21.00","median":21,"min":21,"p75":21,"mode":21,"max":21,"range":1,"p25":21},"56":{"mean":"21.00","std":"0.00","modeval":2,"p75":21,"median":21,"min":21,"range":1,"mode":21,"max":21,"p25":21},"57":{"mode":21,"max":21,"range":1,"p25":21,"std":"0.00","modeval":2,"mean":"21.00","median":21,"min":21,"p75":21},"58":{"p75":21,"min":21,"median":21,"mean":"21.00","std":"0.00","modeval":2,"p25":21,"range":1,"mode":21,"max":21},"59":{"p25":21,"range":1,"mode":21,"max":21,"p75":21,"median":21,"min":21,"mean":"21.00","std":"0.00","modeval":2},"6":{"range":34,"max":37,"mode":18,"p25":16,"mean":"20.75","std":"8.65","modeval":5,"p75":28,"median":18,"min":4},"60":{"std":"0.00","modeval":2,"mean":"21.00","min":21,"median":21,"p75":21,"mode":21,"max":21,"range":1,"p25":21},"61":{"mean":"21.00","std":"0.00","modeval":2,"p75":21,"median":21,"min":21,"range":1,"mode":21,"max":21,"p25":21},"62":{"p75":21,"median":21,"min":21,"mean":"21.00","modeval":2,"std":"0.00","p25":21,"range":1,"mode":21,"max":21},"63":{"range":1,"max":19,"mode":19,"p25":19,"mean":"19.00","std":"0.00","modeval":2,"p75":19,"median":19,"min":19},"64":{"std":"0.00","modeval":2,"mean":"19.00","min":19,"median":19,"p75":19,"max":19,"mode":19,"range":1,"p25":19},"65":{"std":"0.00","modeval":2,"mean":"19.00","median":19,"min":19,"p75":19,"mode":19,"max":19,"range":1,"p25":19},"66":{"mean":"19.00","std":"0.00","modeval":2,"p75":19,"min":19,"median":19,"range":1,"mode":19,"max":19,"p25":19},"67":{"std":"0.00","modeval":2,"mean":"19.00","min":19,"median":19,"p75":19,"mode":19,"max":19,"range":1,"p25":19},"68":{"p75":19,"min":19,"median":19,"mean":"19.00","std":"0.00","modeval":2,"p25":19,"range":1,"max":19,"mode":19},"69":{"std":"0.00","modeval":2,"mean":"19.00","median":19,"min":19,"p75":19,"mode":19,"max":19,"range":1,"p25":19},"7":{"range":34,"max":37,"mode":16,"p25":16,"mean":"20.04","std":"8.17","modeval":4,"p75":26,"median":19,"min":4},"70":{"p25":19,"max":19,"mode":19,"range":1,"median":19,"min":19,"p75":19,"modeval":2,"std":"0.00","mean":"19.00"},"71":{"p25":17,"range":3,"max":19,"mode":17,"p75":19,"median":18,"min":17,"mean":"18.00","modeval":1,"std":"1.00"},"72":{"p75":17,"median":17,"min":17,"mean":"17.00","std":"0.00","modeval":2,"p25":17,"range":1,"mode":17,"max":17},"73":{"min":17,"median":17,"p75":17,"modeval":2,"std":"0.00","mean":"17.00","p25":17,"max":17,"mode":17,"range":1},"74":{"p25":17,"range":1,"mode":17,"max":17,"p75":17,"median":17,"min":17,"mean":"17.00","modeval":2,"std":"0.00"},"75":{"mode":17,"max":17,"range":1,"p25":17,"std":"0.00","modeval":2,"mean":"17.00","median":17,"min":17,"p75":17},"76":{"std":"0.00","modeval":2,"mean":"17.00","min":17,"median":17,"p75":17,"max":17,"mode":17,"range":1,"p25":17},"77":{"p25":17,"mode":17,"max":17,"range":1,"median":17,"min":17,"p75":17,"modeval":2,"std":"0.00","mean":"17.00"},"78":{"range":1,"mode":17,"max":17,"p25":17,"mean":"17.00","std":"0.00","modeval":2,"p75":17,"min":17,"median":17},"79":{"std":"0.00","modeval":2,"mean":"17.00","median":17,"min":17,"p75":17,"mode":17,"max":17,"range":1,"p25":17},"8":{"mean":"21.83","std":"7.72","modeval":4,"p75":28,"min":10,"median":19,"range":28,"max":37,"mode":17,"p25":17},"80":{"p25":17,"mode":17,"max":17,"range":1,"min":17,"median":17,"p75":17,"std":"0.00","modeval":2,"mean":"17.00"},"81":{"min":17,"median":17,"p75":17,"modeval":2,"std":"0.00","mean":"17.00","p25":17,"max":17,"mode":17,"range":1},"82":{"min":16,"median":16,"p75":16,"modeval":2,"std":"0.00","mean":"16.00","p25":16,"mode":16,"max":16,"range":1},"83":{"mean":"16.00","std":"0.00","modeval":2,"p75":16,"median":16,"min":16,"range":1,"mode":16,"max":16,"p25":16},"84":{"p25":16,"range":1,"mode":16,"max":16,"p75":16,"min":16,"median":16,"mean":"16.00","std":"0.00","modeval":2},"85":{"median":12,"min":8,"p75":16,"std":"4.00","modeval":1,"mean":"12.00","p25":8,"max":16,"mode":8,"range":9},"86":{"p25":8,"range":1,"max":8,"mode":8,"p75":8,"median":8,"min":8,"mean":"8.00","std":"0.00","modeval":2},"87":{"p75":8,"median":8,"min":8,"mean":"8.00","modeval":2,"std":"0.00","p25":8,"range":1,"mode":8,"max":8},"88":{"mode":8,"max":8,"range":1,"p25":8,"std":"0.00","modeval":2,"mean":"8.00","min":8,"median":8,"p75":8},"89":{"p25":8,"range":1,"max":8,"mode":8,"p75":8,"median":8,"min":8,"mean":"8.00","std":"0.00","modeval":2},"9":{"p25":16,"range":30,"mode":16,"max":36,"p75":32,"median":19,"min":7,"mean":"22.38","std":"8.78","modeval":4},"90":{"range":1,"mode":8,"max":8,"p25":8,"mean":"8.00","std":"0.00","modeval":2,"p75":8,"min":8,"median":8},"91":{"p25":8,"mode":8,"max":8,"range":1,"median":8,"min":8,"p75":8,"std":"0.00","modeval":2,"mean":"8.00"},"92":{"range":1,"max":8,"mode":8,"p25":8,"mean":"8.00","std":"0.00","modeval":2,"p75":8,"min":8,"median":8},"93":{"std":"0.00","modeval":2,"mean":"29.00","median":29,"min":29,"p75":29,"max":29,"mode":29,"range":1,"p25":29},"94":{"range":1,"mode":29,"max":29,"p25":29,"mean":"29.00","std":"0.00","modeval":2,"p75":29,"median":29,"min":29},"95":{"mode":29,"max":29,"range":1,"p25":29,"std":"0.00","modeval":2,"mean":"29.00","min":29,"median":29,"p75":29},"96":{"p25":29,"range":1,"mode":29,"max":29,"p75":29,"median":29,"min":29,"mean":"29.00","modeval":2,"std":"0.00"},"97":{"mean":"29.00","std":"0.00","modeval":2,"p75":29,"min":29,"median":29,"range":1,"max":29,"mode":29,"p25":29},"98":{"p75":29,"min":29,"median":29,"mean":"29.00","std":"0.00","modeval":2,"p25":29,"range":1,"max":29,"mode":29},"99":{"median":29,"min":29,"p75":29,"std":"0.00","modeval":1,"mean":"29.00","p25":29,"mode":29,"max":29,"range":1}},"complvals":{"dust":{"minseq":"NNNNNNNNNNTACACCAGAGGTGTCTCTGTGTGGGGCCTGTGTGCCAAAAGTGAGAGTTGAGAAGAGGCGTGGAGGAGATGACACACCCCGTGTGTTCTC","maxseq":"AAAAAAAAAAAAAAAAAAAAAAAAAAAAAAAAAAAAAAAAAAAAAAAAAA","minval":2,"maxval":100},"entropy":{"minseq":"AAAAAAAAAAAAAAAAAAAAAAAAAAAAAAAAAAAAAAAAAAAAAAAAAA","maxseq":"NNNNNNNNNNTACACCAGAGGTGTCTCTGTGTGGGGCCTGTGTGCCAAAAGTGAGAGTTGAGAAGAGGCGTGGAGGAGATGACACACCCCGTGTGTTCTC","minval":0,"maxval":81}},"dubscounts":{"1":{"0":1},"3":{"0":1}},"dubslength":{"100":{"0":4}},"qualsmean":{"32":1,"17":4,"29":1,"11":1,"33":2,"20":1,"18":1,"27":1},"tagprob":{"3":33,"5":33},"compldust":{"100":1,"5":2,"2":1,"3":2,"4":2,"23":4},"complentropy":{"73":3,"0":1,"77":1,"35":4,"76":2,"81":1},"dinucodds":{"TA":"1.833186173","AATT":"0.395437960","AGCT":"0.485808170","GATC":"0.433830048","CCGG":"0.300572486","CATG":"1.073571725","AT":"0.362329006","ACGT":"2.437785575","CG":"1.916620315","GC":"0.582918467"},"tail":1,"freqs":{"3":{"11":{"N":8,"G":16,"C":16,"T":50,"A":8},"7":{"A":16,"T":33,"G":25,"C":25,"N":0},"2":{"A":8,"N":0,"T":16,"G":41,"C":33},"0":{"A":41,"N":0,"G":8,"T":33,"C":16},"6":{"T":8,"C":25,"G":50,"N":0,"A":16},"14":{"A":8,"N":8,"T":16,"C":25,"G":41},"8":{"T":25,"C":8,"G":16,"N":0,"A":50},"15":{"G":8,"C":8,"T":41,"N":8,"A":33},"3":{"A":25,"N":0,"G":33,"C":0,"T":41},"4":{"C":25,"T":16,"G":16,"N":0,"A":41},"5":{"A":33,"N":0,"G":8,"C":50,"T":8},"10":{"A":8,"G":50,"C":0,"T":33,"N":8},"16":{"N":8,"C":0,"G":8,"T":33,"A":50},"18":{"A":8,"N":8,"C":16,"T":8,"G":58},"9":{"G":16,"C":58,"T":8,"N":0,"A":16},"12":{"A":50,"G":8,"C":0,"T":33,"N":8},"13":{"A":16,"T":8,"G":33,"C":33,"N":8},"1":{"N":0,"C":33,"G":33,"T":8,"A":25},"17":{"A":16,"N":8,"T":0,"C":50,"G":25},"19":{"C":8,"G":25,"T":41,"N":8,"A":16}},"5":{"10":{"N":0,"C":0,"T":8,"G":75,"A":16},"5":{"C":50,"G":0,"T":25,"N":8,"A":16},"18":{"C":0,"G":75,"T":8,"N":0,"A":16},"16":{"N":0,"G":25,"C":16,"T":8,"A":50},"1":{"N":8,"G":0,"T":0,"C":41,"A":50},"13":{"A":16,"G":0,"T":50,"C":33,"N":0},"12":{"N":0,"C":8,"T":0,"G":50,"A":41},"9":{"A":8,"N":8,"C":33,"T":25,"G":25},"19":{"A":16,"N":0,"T":75,"C":0,"G":8},"17":{"A":8,"G":16,"T":41,"C":33,"N":0},"2":{"A":8,"C":16,"T":0,"G":66,"N":8},"11":{"A":16,"C":33,"G":0,"T":50,"N":0},"7":{"N":8,"T":33,"C":25,"G":25,"A":8},"0":{"G":0,"C":0,"T":41,"N":8,"A":50},"8":{"N":8,"C":0,"G":25,"T":8,"A":58},"14":{"T":0,"G":41,"C":25,"N":0,"A":33},"6":{"C":8,"T":0,"G":58,"N":8,"A":25},"4":{"N":8,"C":16,"G":8,"T":25,"A":41},"3":{"N":8,"C":0,"G":0,"T":41,"A":50},"15":{"N":0,"G":8,"C":33,"T":50,"A":8}}}}